[14:35:41.660] Server listening on port 60934, PID 96780
[14:35:41.691] readProjectFiles, Found 47 files to read.
[14:35:41.771] Starting PAI Cloud Dev...
[14:35:42.735] [PAI SDK] createCloudSession response: {
  "code": 0,
  "msg": "success",
  "sandboxId": "vefaas-f0vkicge-pyw70jixna-d8dtdfg2op1mmqgcrvdg-sandbox",
  "endpoint": "https://sd62opo6oqou1ckhsuo00.apigateway-cn-beijing.volceapi.com"
}
[14:35:43.018] [PAI SDK] cloudServer.start called, appId: pai-preview-trae-96db14ea
[14:35:43.751] [PAI SDK] Received event: log {"content":"\n> taro_template@1.0.0 dev:h5\n> npm run build:h5 -- --watch\n\n","timestamp":1780209344054}
[14:35:43.920] [PAI SDK] Received event: log {"content":"\n> taro_template@1.0.0 build:h5\n> taro build --type h5 --watch\n\n","timestamp":1780209344239}
[14:35:44.424] [PAI SDK] Received event: log {"content":"👽 Taro v4.1.9\n\n","timestamp":1780209344738}
[14:35:46.394] [PAI SDK] Received event: log {"content":"Tips:\n1. 建议开启持久化缓存功能，能有效提升二次编译速度，详情请参考: https://docs.taro.zone/docs/config-detail#cache。\n\n\n","timestamp":1780209346702}
[14:35:48.411] [PAI SDK] Received event: log {"content":"- 即将开始启动编译，请稍等~\n","timestamp":1780209348729}
[14:36:02.962] [PAI SDK] Received event: log {"content":"✅  编译成功 5/31/2026, 2:36:03 PM\n\n","timestamp":1780209363279}
[14:36:02.982] [PAI SDK] cloudServer.start response: {
  "status": "running",
  "msg": "Cloud Server started successfully.",
  "hash": "pai-preview-trae-96db14ea"
}
[14:36:22.686] [Preview Server] Frontend connected, clients size = 1
[14:36:22.686] Sending cached status to new connection, lastStatusMessage = {"event":"status_change","message":{"url":"https://sd62opo6oqou1ckhsuo00.apigateway-cn-beijing.volceapi.com/?faasInstanceName=vefaas-f0vkicge-pyw70jixna-d8dtdfg2op1mmqgcrvdg-sandbox&hash=pai-preview-trae-96db14ea","schema":"aipa://preview?type=pai&aipa_id=pai-preview-trae-96db14ea&uuid=88693d5a-e0d3-476a-8db4-209c891cb325","status":"running","msg":"Cloud Server started successfully.","framework":"taro"}}
[14:36:46.800] [AuthCredentials] read failed: ENOENT: no such file or directory, open 'd:\CodeResources\校园百事通\.auth\auth.json'
[14:43:57.505] [AuthCredentials] read failed: ENOENT: no such file or directory, open 'd:\CodeResources\校园百事通\.auth\auth.json'
[14:46:39.605] [AuthConfig] update weapp config: appid=wxd1a778d4435f4999
[14:46:39.608] [AuthConfig] .auth/auth.json not found, creating new one
[14:46:39.611] [AuthConfig] weapp private key saved: .auth/小程序.key
[14:46:39.613] [AuthConfig] .auth/auth.json updated successfully
[14:46:40.109] [AuthCredentials] injected weapp auth for generate_mini_preview
[14:46:40.111] [PAI SDK] cloudServer.generateMiniPreview called, platform: weapp hash: pai-preview-trae-96db14ea
[14:46:45.500] [PAI SDK] Received event: log {"content":"✅  编译成功 5/31/2026, 2:46:45 PM\n\n","timestamp":1780210005835}
[14:46:46.181] [PAI SDK] Received event: log {"content":"\n● Webpack █████████████████████████  (0%)  \n \n\n","timestamp":1780210006518}
[14:46:46.231] [PAI SDK] Received event: log {"content":"\u001b[2K\u001b[1A\u001b[2K\u001b[1A\u001b[2K\u001b[1A\u001b[2K\u001b[1A\u001b[2K\u001b[G\n● Webpack █████████████████████████ setup (2%)  \n run\n\n","timestamp":1780210006568}
[14:46:46.313] [PAI SDK] Received event: log {"content":"\u001b[2K\u001b[1A\u001b[2K\u001b[1A\u001b[2K\u001b[1A\u001b[2K\u001b[1A\u001b[2K\u001b[G\n● Webpack █████████████████████████ building (10%) 0/20 entries 18/20 dependen\ncies 0/18 modules 1 active \n babel-loader › src/app.config.ts\n\n","timestamp":1780210006650}
[14:46:46.415] [PAI SDK] Received event: log {"content":"\u001b[2K\u001b[1A\u001b[2K\u001b[1A\u001b[2K\u001b[1A\u001b[2K\u001b[1A\u001b[2K\u001b[1A\u001b[2K\u001b[G\n● Webpack █████████████████████████ building (10%) 0/20 entries 18/20 dependen\ncies 0/18 modules 1 active \n babel-loader › src/app.config.ts\n\n","timestamp":1780210006752}
[14:46:46.506] [PAI SDK] Received event: log {"content":"\u001b[2K\u001b[1A\u001b[2K\u001b[1A\u001b[2K\u001b[1A\u001b[2K\u001b[1A\u001b[2K\u001b[1A\u001b[2K\u001b[G\n● Webpack █████████████████████████ building (10%) 0/20 entries 20/20 dependen\ncies 0/20 modules 19 active \n ...682a4330bd/node_modules/@tarojs/webpack5-runner/dist/template/custom-wrapp\ner.js\n\n","timestamp":1780210006841}
[14:46:47.559] [PAI SDK] Received event: log {"content":"\u001b[2K\u001b[1A\u001b[2K\u001b[1A\u001b[2K\u001b[1A\u001b[2K\u001b[1A\u001b[2K\u001b[1A\u001b[2K\u001b[1A\u001b[2K\u001b[G\n● Webpack █████████████████████████ building (10%) 0/20 entries 20/20 dependen\ncies 1/20 modules 19 active \n ...71a831f624682a4330bd/node_modules/@tarojs/webpack5-runner/dist/template/co\nmp.js\n\n","timestamp":1780210007897}
[14:46:47.652] [PAI SDK] Received event: log {"content":"\u001b[2K\u001b[1A\u001b[2K\u001b[1A\u001b[2K\u001b[1A\u001b[2K\u001b[1A\u001b[2K\u001b[1A\u001b[2K\u001b[1A\u001b[2K\u001b[G\n● Webpack █████████████████████████ building (34%) 9/20 entries 59/82 dependen\ncies 9/43 modules 21 active \n ...ss\n\n","timestamp":1780210007984}
[14:46:47.711] [PAI SDK] Received event: log {"content":"\u001b[2K\u001b[1A\u001b[2K\u001b[1A\u001b[2K\u001b[1A\u001b[2K\u001b[1A\u001b[2K\u001b[1A\u001b[2K\u001b[G\n● Webpack █████████████████████████ building (34%)  \n ...5.78.0_@swc+core@1.3.96_postcss@8.5.14_/node_modules/postcss-loader/dist/c\njs.js\n\n","timestamp":1780210008045}
[14:46:47.772] [PAI SDK] Received event: log {"content":"\u001b[2K\u001b[1A\u001b[2K\u001b[1A\u001b[2K\u001b[1A\u001b[2K\u001b[1A\u001b[2K\u001b[1A\u001b[2K\u001b[G\n● Webpack █████████████████████████ building (34%)  \n ...ck@5.78.0_@swc+core@1.3.96_postcss@8.5.14_/node_modules/sass-loader/dist/c\njs.js\n\n","timestamp":1780210008108}
[14:46:48.352] [PAI SDK] Received event: log {"content":"\u001b[2K\u001b[1A\u001b[2K\u001b[1A\u001b[2K\u001b[1A\u001b[2K\u001b[1A\u001b[2K\u001b[1A\u001b[2K\u001b[G\n● Webpack █████████████████████████ building (34%) 9/20 entries 71/93 dependen\ncies 9/46 modules 37 active \n ...m/@tarojs+react@4.1.9_react@18.3.1/node_modules/@tarojs/react/dist/react.e\nsm.js\n\n","timestamp":1780210008689}
[14:46:48.648] [PAI SDK] Received event: log {"content":"\u001b[2K\u001b[1A\u001b[2K\u001b[1A\u001b[2K\u001b[1A\u001b[2K\u001b[1A\u001b[2K\u001b[1A\u001b[2K\u001b[1A\u001b[2K\u001b[G\n● Webpack █████████████████████████ building (34%) 9/20 entries 104/155 depend\nencies 12/64 modules 47 active \n ...de_modules/.pnpm/@tarojs+runtime@4.1.9/node_modules/@tarojs/runtime/dist/e\nnv.js\n\n","timestamp":1780210008982}
[14:46:49.225] [PAI SDK] Received event: log {"content":"\u001b[2K\u001b[1A\u001b[2K\u001b[1A\u001b[2K\u001b[1A\u001b[2K\u001b[1A\u001b[2K\u001b[1A\u001b[2K\u001b[1A\u001b[2K\u001b[G\n● Webpack █████████████████████████ building (34%) 9/20 entries 131/158 depend\nencies 13/91 modules 78 active \n ...es/.pnpm/@tarojs+runtime@4.1.9/node_modules/@tarojs/runtime/dist/utils/ind\nex.js\n\n","timestamp":1780210009561}
[14:46:49.721] [PAI SDK] Received event: log {"content":"\u001b[2K\u001b[1A\u001b[2K\u001b[1A\u001b[2K\u001b[1A\u001b[2K\u001b[1A\u001b[2K\u001b[1A\u001b[2K\u001b[1A\u001b[2K\u001b[G\n● Webpack █████████████████████████ building (34%) 9/20 entries 251/332 depend\nencies 22/107 modules 70 active \n ...pm/@tarojs+runtime@4.1.9/node_modules/@tarojs/runtime/dist/dom-external/no\nde.js\n\n","timestamp":1780210010058}
[14:46:49.947] [PAI SDK] Received event: log {"content":"\u001b[2K\u001b[1A\u001b[2K\u001b[1A\u001b[2K\u001b[1A\u001b[2K\u001b[1A\u001b[2K\u001b[1A\u001b[2K\u001b[1A\u001b[2K\u001b[G\n● Webpack █████████████████████████ building (34%) 9/20 entries 321/332 depend\nencies 22/116 modules 93 active \n ...de_modules/.pnpm/@tarojs+shared@4.1.9/node_modules/@tarojs/shared/dist/ind\nex.js\n\n","timestamp":1780210010285}
[14:46:50.111] [PAI SDK] Received event: log {"content":"\u001b[2K\u001b[1A\u001b[2K\u001b[1A\u001b[2K\u001b[1A\u001b[2K\u001b[1A\u001b[2K\u001b[1A\u001b[2K\u001b[1A\u001b[2K\u001b[G\n● Webpack █████████████████████████ building (34%) 9/20 entries 357/378 depend\nencies 27/127 modules 93 active \n ...me@7.29.2/node_modules/@babel/runtime/helpers/esm/unsupportedIterableToArr\nay.js\n\n","timestamp":1780210010449}
[14:46:50.216] [PAI SDK] Received event: log {"content":"\u001b[2K\u001b[1A\u001b[2K\u001b[1A\u001b[2K\u001b[1A\u001b[2K\u001b[1A\u001b[2K\u001b[1A\u001b[2K\u001b[1A\u001b[2K\u001b[G\n● Webpack █████████████████████████ building (34%) 9/20 entries 384/395 depend\nencies 29/136 modules 107 active \n ...arojs+runtime@4.1.9_@tarojs+shared@4.1.9/node_modules/@tarojs/api/dist/ind\nex.js\n\n","timestamp":1780210010554}
[14:46:50.429] [PAI SDK] Received event: log {"content":"\u001b[2K\u001b[1A\u001b[2K\u001b[1A\u001b[2K\u001b[1A\u001b[2K\u001b[1A\u001b[2K\u001b[1A\u001b[2K\u001b[1A\u001b[2K\u001b[G\n● Webpack █████████████████████████ building (34%) 9/20 entries 423/434 depend\nencies 46/149 modules 103 active \n ...115d5256b2475a3/node_modules/.pnpm/tslib@2.8.1/node_modules/tslib/tslib.es\n6.mjs\n\n","timestamp":1780210010766}
[14:46:50.557] [PAI SDK] Received event: log {"content":"\u001b[2K\u001b[1A\u001b[2K\u001b[1A\u001b[2K\u001b[1A\u001b[2K\u001b[1A\u001b[2K\u001b[1A\u001b[2K\u001b[1A\u001b[2K\u001b[G\n● Webpack █████████████████████████ building (34%) 9/20 entries 436/444 depend\nencies 49/159 modules 101 active \n .../@babel+runtime@7.29.2/node_modules/@babel/runtime/helpers/esm/superPropBa\nse.js\n\n","timestamp":1780210010894}
[14:46:50.819] [PAI SDK] Received event: log {"content":"\u001b[2K\u001b[1A\u001b[2K\u001b[1A\u001b[2K\u001b[1A\u001b[2K\u001b[1A\u001b[2K\u001b[1A\u001b[2K\u001b[1A\u001b[2K\u001b[G\n● Webpack █████████████████████████ building (34%) 9/20 entries 473/479 depend\nencies 112/160 modules 48 active \n ...act@18.3.1/node_modules/react-reconciler/cjs/react-reconciler.production.m\nin.js\n\n","timestamp":1780210011155}
[14:46:50.871] [PAI SDK] Received event: log {"content":"\u001b[2K\u001b[1A\u001b[2K\u001b[1A\u001b[2K\u001b[1A\u001b[2K\u001b[1A\u001b[2K\u001b[1A\u001b[2K\u001b[1A\u001b[2K\u001b[G\n● Webpack █████████████████████████ building (40%) 11/20 entries 482/485 depen\ndencies 122/164 modules 42 active \n ...e@4.1.9_@tarojs+shared@4.1.9/node_modules/@tarojs/api/dist/interceptor/ind\nex.js\n\n","timestamp":1780210011208}
[14:46:50.934] [PAI SDK] Received event: log {"content":"\u001b[2K\u001b[1A\u001b[2K\u001b[1A\u001b[2K\u001b[1A\u001b[2K\u001b[1A\u001b[2K\u001b[1A\u001b[2K\u001b[1A\u001b[2K\u001b[G\n● Webpack █████████████████████████ building (40%) 11/20 entries 491/491 depen\ndencies 127/167 modules 40 active \n ...5256b2475a3/node_modules/.pnpm/scheduler@0.23.2/node_modules/scheduler/ind\nex.js\n\n","timestamp":1780210011259}
[14:46:51.016] [PAI SDK] Received event: log {"content":"\u001b[2K\u001b[1A\u001b[2K\u001b[1A\u001b[2K\u001b[1A\u001b[2K\u001b[1A\u001b[2K\u001b[1A\u001b[2K\u001b[1A\u001b[2K\u001b[G\n● Webpack █████████████████████████ building (40%) 11/20 entries 493/493 depen\ndencies 131/169 modules 37 active \n ...ore@1.3.96_postcss@8.5.14_/node_modules/css-loader/dist/runtime/noSourceMa\nps.js\n\n","timestamp":1780210011353}
[14:46:51.073] [PAI SDK] Received event: log {"content":"\u001b[2K\u001b[1A\u001b[2K\u001b[1A\u001b[2K\u001b[1A\u001b[2K\u001b[1A\u001b[2K\u001b[1A\u001b[2K\u001b[1A\u001b[2K\u001b[G\n● Webpack █████████████████████████ building (43%) 12/20 entries 499/501 depen\ndencies 139/171 modules 32 active \n ... resolve-url-loader › sass-loader › src/pages/taskForm/index.module.scss|0\n|||}}\n\n","timestamp":1780210011410}
[14:46:51.127] [PAI SDK] Received event: log {"content":"\u001b[2K\u001b[1A\u001b[2K\u001b[1A\u001b[2K\u001b[1A\u001b[2K\u001b[1A\u001b[2K\u001b[1A\u001b[2K\u001b[1A\u001b[2K\u001b[G\n● Webpack █████████████████████████ building (62%) 19/20 entries 519/519 depen\ndencies 174/177 modules 3 active \n ...ss-loader › resolve-url-loader › sass-loader › src/pages/home/index.module\n.scss\n\n","timestamp":1780210011463}
[14:46:51.194] [PAI SDK] Received event: log {"content":"\u001b[2K\u001b[1A\u001b[2K\u001b[1A\u001b[2K\u001b[1A\u001b[2K\u001b[1A\u001b[2K\u001b[1A\u001b[2K\u001b[1A\u001b[2K\u001b[G\n● Webpack █████████████████████████ sealing (75%) chunk optimization \n RemoveEmptyChunksPlugin\n\n","timestamp":1780210011531}
[14:46:51.252] [PAI SDK] Received event: log {"content":"\u001b[2K\u001b[1A\u001b[2K\u001b[1A\u001b[2K\u001b[1A\u001b[2K\u001b[1A\u001b[2K\u001b[G\n● Webpack █████████████████████████ sealing (87%)  \n code generation\n\n","timestamp":1780210011585}
[14:46:51.391] [PAI SDK] Received event: log {"content":"\u001b[2K\u001b[1A\u001b[2K\u001b[1A\u001b[2K\u001b[1A\u001b[2K\u001b[1A\u001b[2K\u001b[G\n● Webpack █████████████████████████ sealing (88%)  \n runtime requirements\n\n","timestamp":1780210011727}
[14:46:53.542] [PAI SDK] Received event: log {"content":"\u001b[2K\u001b[1A\u001b[2K\u001b[1A\u001b[2K\u001b[1A\u001b[2K\u001b[1A\u001b[2K\u001b[G\n● Webpack █████████████████████████ sealing (92%) asset processing \n CssMinimizerPlugin\n\n","timestamp":1780210013880}
[14:46:54.643] [PAI SDK] Received event: log {"content":"\u001b[2K\u001b[1A\u001b[2K\u001b[1A\u001b[2K\u001b[1A\u001b[2K\u001b[1A\u001b[2K\u001b[G\n● Webpack █████████████████████████ sealing (92%) asset processing \n RealContentHashPlugin\n\n","timestamp":1780210014981}
[14:46:54.677] [PAI SDK] Received event: log {"content":"\u001b[2K\u001b[1A\u001b[2K\u001b[1A\u001b[2K\u001b[1A\u001b[2K\u001b[1A\u001b[2K\u001b[G\n✔ Webpack\n  Compiled successfully in 8.44s\n\n","timestamp":1780210015015}
[14:46:57.690] [PAI SDK] Received event: mini_preview_error {"platform":"weapp","message":"生成二维码失败: generate local signature fail. Usually this happens the content or encoding of private key file is incorrect. Detail: Error: error:1E08010C:DECODER routines::unsupported","buildId":"2026.05.31_14.46.40.520","timestamp":1780210018028}
[14:46:57.695] [PAI SDK] Received event: mini_preview_error {"platform":"weapp","message":"preview failed: 0","buildId":"2026.05.31_14.46.40.520","timestamp":1780210018034}
[14:46:57.700] [PAI SDK] cloudServer.generateMiniPreview response: {
  "ok": true
}
[14:46:57.762] [PAI SDK] WebSocket closed, reconnecting (1/3)...
